// Jest Snapshot v1, https://goo.gl/fbAQLP

exports[`pruebas a CounterApp Tarea 1: hacer match con el snapshot (cnoseguido) 1`] = `
<div>
  <h1>
    CounterApp
  </h1>
  <h2>
     
    1
     
  </h2>
   
  <button>
     
    +1
  </button>
  <button>
     -1 
  </button>
  <button>
     Reset 
  </button>
</div>
`;
