// Jest Snapshot v1, https://goo.gl/fbAQLP

exports[` test on <Search/> should show default value with snapshot 1`] = `
<div>
  <h1>
    Search
  </h1>
  <hr />
  <div
    class="row animate__animated animate__fadeIn"
  >
    <div
      class="col-5"
    >
      <h4>
        Searching
      </h4>
      <hr />
      <form
        aria-label="to-test"
      >
        <input
          autocomplete="off"
          class="form-control"
          name="searchText"
          placeholder="Search a hero"
          type="text"
          value=""
        />
        <button
          class="btn btn-outline-secondary mt-2"
        >
          Search
        </button>
      </form>
    </div>
    <div
      class="col-7"
    >
      <div
        aria-label="catch-display-none-search"
        class="alert alert-secondary animate__animated animate__fadeIn"
      >
        Search a hero
      </div>
      <div
        aria-label="catch-display-none-not-hero"
        class="alert alert-danger animate__animated animate__fadeIn"
        style="display: none;"
      >
        There's not a hero with 
        <b />
      </div>
    </div>
  </div>
</div>
`;
