// Jest Snapshot v1, https://goo.gl/fbAQLP

exports[`test al componente <GifItem/> match con el snapshot 1`] = `
<div>
  <div
    class="card"
  >
    <img
      alt="Dragon Ball"
      src="https://url-cualquiera.com/"
    />
    <p>
      Dragon Ball
    </p>
  </div>
</div>
`;
